­şÜÇ Test ba┼şlat─▒l─▒yor (Standalone)...
­şôé Service account yolu: D:\c masa├╝st├╝\TSR_WEB\google-drive-service-account.json
Ô£à Service account okundu. Email: tsr-drive-service@tsrgroup1.iam.gserviceaccount.com
Ô£à Drive client olu┼şturuldu.
­şôñ Dosya y├╝kleniyor: test-upload-1769082632796.txt
node.exe : Google Drive dosya y├╝kl
eme hatas─▒: GaxiosError: Service A
ccounts do not have storage quota. 
Leverage shared drives (https://dev
elopers.google.com/workspace/drive/
api/guides/about-shareddrives), or 
use OAuth delegation (http://suppor
t.google.com/a/answer/7281227) inst
ead.
At C:\Program Files\nodejs\npx.ps1:
29 char:3
+   & $NODE_EXE $NPX_CLI_JS $args
+   ~~~~~~~~~~~~~~~~~~~~~~~~~~~~~
    + CategoryInfo          : NotS 
   pecified: (Google Drive do...8  
  1227) instead.:String) [], Rem   
 oteException
    + FullyQualifiedErrorId : Nati 
   veCommandError
 
    at Gaxios._request (D:\c masa├╝
st├╝\TSR_WEB\node_modules\googleapi
s-common\node_modules\gaxios\src\ga
xios.ts:213:15)
    at process.processTicksAndRejec
tions (node:internal/process/task_q
ueues:105:5)
    at async JWT.requestAsync (D:\c
 masa├╝st├╝\TSR_WEB\node_modules\go
ogleapis-common\node_modules\google
-auth-library\build\src\auth\oauth2
client.js:463:20)
    at async createAPIRequestAsync 
(D:\c masa├╝st├╝\TSR_WEB\node_modul
es\googleapis-common\build\src\apir
equest.js:308:25)
    at async uploadToDrive (D:\c ma
sa├╝st├╝\TSR_WEB\scripts\test-drive
-upload.ts:41:26)
    at async testUpload (D:\c masa├
╝st├╝\TSR_WEB\scripts\test-drive-up
load.ts:82:24) {
  config: {
    url: URL {
      href: 'https://www.googleapis
.com/upload/drive/v3/files?fields=i
d%2C%20name%2C%20webViewLink%2C%20t
humbnailLink&uploadType=multipart',
      origin: 'https://www.googleap
is.com',
      protocol: 'https:',
      username: '',
      password: '',
      host: 'www.googleapis.com',
      hostname: 'www.googleapis.com
',
      port: '',
      pathname: '/upload/drive/v3/f
iles',
      search: '?fields=id%2C%20name
%2C%20webViewLink%2C%20thumbnailLin
k&uploadType=multipart',
      searchParams: URLSearchParams
 { 'fields' => 'id, name, webViewLi
nk, thumbnailLink', 'uploadType' =>
 'multipart' },
      hash: ''
    },
    method: 'POST',
    apiVersion: '',
    userAgentDirectives: [ [Object]
 ],
    paramsSerializer: [Function (an
onymous)],
    data: PassThrough {
      _events: [Object],
      _readableState: [ReadableStat
e],
      _writableState: [WritableStat
e],
      allowHalfOpen: true,
      _maxListeners: undefined,
      _flush: [Function: flush],
      _eventsCount: 5,
      Symbol(shapeMode): true,
      Symbol(kCapture): false,
      Symbol(kCallback): null
    },
    headers: Headers {
      'accept-encoding': 'gzip',
      authorization: '<<REDACTED> -
 See `errorRedactor` option in `gax
ios` for configuration>.',
      'content-type': 'multipart/re
lated; boundary=0b89b8f9-0fba-441b-
aa24-4805c29225ca',
      'user-agent': 'google-api-nod
ejs-client/8.0.1 (gzip)',
      'x-goog-api-client': 'gdcl/8.
0.1 gl-node/24.2.0'
    },
    params: {
      fields: 'id, name, webViewLin
k, thumbnailLink',
      uploadType: 'multipart'
    },
    validateStatus: [Function (anon
ymous)],
    retry: true,
    body: PassThrough {
      _events: [Object],
      _readableState: [ReadableStat
e],
      _writableState: [WritableStat
e],
      allowHalfOpen: true,
      _maxListeners: undefined,
      _flush: [Function: flush],
      _eventsCount: 5,
      Symbol(shapeMode): true,
      Symbol(kCapture): false,
      Symbol(kCallback): null
    },
    responseType: 'unknown',
    errorRedactor: [Function: defau
ltErrorRedactor],
    duplex: 'half',
    retryConfig: {
      currentRetryAttempt: 0,
      retry: 3,
      httpMethodsToRetry: [Array],
      noResponseRetries: 2,
      retryDelayMultiplier: 2,
      timeOfFirstRequest: 176908263
4454,
      totalTimeout: 900719925474099
1,
      maxRetryDelay: 90071992547409
91,
      statusCodesToRetry: [Array]
    }
  },
  response: Response {
    size: 0,
    data: { error: [Object] },
    config: {
      url: URL {},
      method: 'POST',
      apiVersion: '',
      userAgentDirectives: [Array],
      paramsSerializer: [Function (
anonymous)],
      data: [PassThrough],
      headers: Headers {
        'accept-encoding': 'gzip',
        authorization: '<<REDACTED>
 - See `errorRedactor` option in `g
axios` for configuration>.',
        'content-type': 'multipart/
related; boundary=0b89b8f9-0fba-441
b-aa24-4805c29225ca',
        'user-agent': 'google-api-n
odejs-client/8.0.1 (gzip)',
        'x-goog-api-client': 'gdcl/
8.0.1 gl-node/24.2.0'
      },
      params: [Object],
      validateStatus: [Function (an
onymous)],
      retry: true,
      body: [PassThrough],
      responseType: 'unknown',
      errorRedactor: [Function: def
aultErrorRedactor],
      duplex: 'half'
    },
    Symbol(Body internals): {
      body: [PassThrough],
      stream: [PassThrough],
      boundary: null,
      disturbed: true,
      error: null
    },
    Symbol(Response internals): {
      type: 'default',
      url: 'https://www.googleapis.
com/upload/drive/v3/files?fields=id
%2C%20name%2C%20webViewLink%2C%20th
umbnailLink&uploadType=multipart',
      status: 403,
      statusText: 'Forbidden',
      headers: [Object],
      counter: 0,
      highWaterMark: 16384
    }
  },
  code: 403,
  status: 403,
  error: undefined,
  Symbol(gaxios-gaxios-error): '7.1
.3',
  [cause]: {
    message: 'Service Accounts do n
ot have storage quota. Leverage sha
red drives (https://developers.goog
le.com/workspace/drive/api/guides/a
bout-shareddrives), or use OAuth de
legation (http://support.google.com
/a/answer/7281227) instead.',
    code: 403,
    status: 'Forbidden',
    errors: [ [Object] ]
  }
}
ÔØî Test BA┼ŞARISIZ OLDU:
Error: Dosya y├╝klenemedi: Service 
Accounts do not have storage quota.
 Leverage shared drives (https://de
velopers.google.com/workspace/drive
/api/guides/about-shareddrives), or
 use OAuth delegation (http://suppo
rt.google.com/a/answer/7281227) ins
tead.
    at uploadToDrive (D:\c masa├╝st
├╝\TSR_WEB\scripts\test-drive-uploa
d.ts:50:15)
    at process.processTicksAndRejec
tions (node:internal/process/task_q
ueues:105:5)
    at async testUpload (D:\c masa├
╝st├╝\TSR_WEB\scripts\test-drive-up
load.ts:82:24)
